[dotenv@17.2.3] injecting env (7) from .env -- tip: ΓÜÖ∩╕Å  suppress all logs with { quiet: true }
Testing Gemini AI Service...
Sending prompt: "Explain the difference between a stack and a queue in one sentence."
Trying AI model: gemini-2.0-flash...
node : Failed with 
model 
gemini-2.0-flash: 
[GoogleGenerativeAI 
Error]: Error fetching 
from https://generative
language.googleapis.com
/v1beta/models/gemini-2
.0-flash:generateConten
t: [429 Too Many 
Requests] You exceeded 
your current quota, 
please check your plan 
and billing details. 
For more information 
on this error, head 
to: https://ai.google.d
ev/gemini-api/docs/rate
-limits. To monitor 
your current usage, 
head to: https://ai.dev
/rate-limit. 
At line:1 char:1
+ node 
test-ai-service.js > 
test-output.txt 2>&1
+ ~~~~~~~~~~~~~~~~~~~~~
~~~~~~~~~~~~~~~~~~~~~~~
~~
    + CategoryInfo     
         : NotSpecifi  
  ed: (Failed with m   
 od...ev/rate-limit    
. :String) [], Rem    
oteException
    + FullyQualifiedEr 
   rorId : NativeComm  
  andError
 
* Quota exceeded for 
metric: generativelangu
age.googleapis.com/gene
rate_content_free_tier_
input_token_count, 
limit: 0, model: 
gemini-2.0-flash
* Quota exceeded for 
metric: generativelangu
age.googleapis.com/gene
rate_content_free_tier_
requests, limit: 0, 
model: gemini-2.0-flash
* Quota exceeded for 
metric: generativelangu
age.googleapis.com/gene
rate_content_free_tier_
requests, limit: 0, 
model: gemini-2.0-flash
Please retry in 
23.720519334s. [{"@type
":"type.googleapis.com/
google.rpc.Help","links
":[{"description":"Lear
n more about Gemini 
API quotas","url":"http
s://ai.google.dev/gemin
i-api/docs/rate-limits"
}]},{"@type":"type.goog
leapis.com/google.rpc.Q
uotaFailure","violation
s":[{"quotaMetric":"gen
erativelanguage.googlea
pis.com/generate_conten
t_free_tier_input_token
_count","quotaId":"Gene
rateContentInputTokensP
erModelPerMinute-FreeTi
er","quotaDimensions":{
"location":"global","mo
del":"gemini-2.0-flash"
}},{"quotaMetric":"gene
rativelanguage.googleap
is.com/generate_content
_free_tier_requests","q
uotaId":"GenerateReques
tsPerMinutePerProjectPe
rModel-FreeTier","quota
Dimensions":{"location"
:"global","model":"gemi
ni-2.0-flash"}},{"quota
Metric":"generativelang
uage.googleapis.com/gen
erate_content_free_tier
_requests","quotaId":"G
enerateRequestsPerDayPe
rProjectPerModel-FreeTi
er","quotaDimensions":{
"location":"global","mo
del":"gemini-2.0-flash"
}}]},{"@type":"type.goo
gleapis.com/google.rpc.
RetryInfo","retryDelay"
:"23s"}]
Quota exceeded for 
gemini-2.0-flash. 
Waiting 2s and 
retrying once...
Retry failed for 
gemini-2.0-flash: 
[GoogleGenerativeAI 
Error]: Error fetching 
from https://generative
language.googleapis.com
/v1beta/models/gemini-2
.0-flash:generateConten
t: [429 Too Many 
Requests] You exceeded 
your current quota, 
please check your plan 
and billing details. 
For more information 
on this error, head 
to: https://ai.google.d
ev/gemini-api/docs/rate
-limits. To monitor 
your current usage, 
head to: https://ai.dev
/rate-limit. 
* Quota exceeded for 
metric: generativelangu
age.googleapis.com/gene
rate_content_free_tier_
requests, limit: 0, 
model: gemini-2.0-flash
* Quota exceeded for 
metric: generativelangu
age.googleapis.com/gene
rate_content_free_tier_
requests, limit: 0, 
model: gemini-2.0-flash
* Quota exceeded for 
metric: generativelangu
age.googleapis.com/gene
rate_content_free_tier_
input_token_count, 
limit: 0, model: 
gemini-2.0-flash
Please retry in 
21.588090209s. [{"@type
":"type.googleapis.com/
google.rpc.Help","links
":[{"description":"Lear
n more about Gemini 
API quotas","url":"http
s://ai.google.dev/gemin
i-api/docs/rate-limits"
}]},{"@type":"type.goog
leapis.com/google.rpc.Q
uotaFailure","violation
s":[{"quotaMetric":"gen
erativelanguage.googlea
pis.com/generate_conten
t_free_tier_requests","
quotaId":"GenerateReque
stsPerDayPerProjectPerM
odel-FreeTier","quotaDi
mensions":{"location":"
global","model":"gemini
-2.0-flash"}},{"quotaMe
tric":"generativelangua
ge.googleapis.com/gener
ate_content_free_tier_r
equests","quotaId":"Gen
erateRequestsPerMinuteP
erProjectPerModel-FreeT
ier","quotaDimensions":
{"location":"global","m
odel":"gemini-2.0-flash
"}},{"quotaMetric":"gen
erativelanguage.googlea
pis.com/generate_conten
t_free_tier_input_token
_count","quotaId":"Gene
rateContentInputTokensP
erModelPerMinute-FreeTi
er","quotaDimensions":{
"location":"global","mo
del":"gemini-2.0-flash"
}}]},{"@type":"type.goo
gleapis.com/google.rpc.
RetryInfo","retryDelay"
:"21s"}]
Trying AI model: gemini-2.0-flash-exp...
Failed with model 
gemini-2.0-flash-exp: 
[GoogleGenerativeAI 
Error]: Error fetching 
from https://generative
language.googleapis.com
/v1beta/models/gemini-2
.0-flash-exp:generateCo
ntent: [404 Not Found] 
models/gemini-2.0-flash
-exp is not found for 
API version v1beta, or 
is not supported for 
generateContent. Call 
ListModels to see the 
list of available 
models and their 
supported methods.
Trying AI model: gemini-1.5-flash...
Failed with model 
gemini-1.5-flash: 
[GoogleGenerativeAI 
Error]: Error fetching 
from https://generative
language.googleapis.com
/v1beta/models/gemini-1
.5-flash:generateConten
t: [404 Not Found] mode
ls/gemini-1.5-flash is 
not found for API 
version v1beta, or is 
not supported for 
generateContent. Call 
ListModels to see the 
list of available 
models and their 
supported methods.
Trying AI model: gemini-1.5-flash-latest...
Failed with model gemin
i-1.5-flash-latest: 
[GoogleGenerativeAI 
Error]: Error fetching 
from https://generative
language.googleapis.com
/v1beta/models/gemini-1
.5-flash-latest:generat
eContent: [404 Not 
Found] models/gemini-1.
5-flash-latest is not 
found for API version 
v1beta, or is not 
supported for 
generateContent. Call 
ListModels to see the 
list of available 
models and their 
supported methods.
Trying AI model: gemini-1.5-flash-8b...
Failed with model 
gemini-1.5-flash-8b: 
[GoogleGenerativeAI 
Error]: Error fetching 
from https://generative
language.googleapis.com
/v1beta/models/gemini-1
.5-flash-8b:generateCon
tent: [404 Not Found] m
odels/gemini-1.5-flash-
8b is not found for 
API version v1beta, or 
is not supported for 
generateContent. Call 
ListModels to see the 
list of available 
models and their 
supported methods.
Trying AI model: gemini-1.5-pro...
Failed with model 
gemini-1.5-pro: 
[GoogleGenerativeAI 
Error]: Error fetching 
from https://generative
language.googleapis.com
/v1beta/models/gemini-1
.5-pro:generateContent:
 [404 Not Found] 
models/gemini-1.5-pro 
is not found for API 
version v1beta, or is 
not supported for 
generateContent. Call 
ListModels to see the 
list of available 
models and their 
supported methods.
Trying AI model: gemini-1.5-pro-latest...
Trying AI model: gemini-pro...
Failed with model 
gemini-1.5-pro-latest: 
[GoogleGenerativeAI 
Error]: Error fetching 
from https://generative
language.googleapis.com
/v1beta/models/gemini-1
.5-pro-latest:generateC
ontent: [404 Not 
Found] models/gemini-1.
5-pro-latest is not 
found for API version 
v1beta, or is not 
supported for 
generateContent. Call 
ListModels to see the 
list of available 
models and their 
supported methods.
Failed with model 
gemini-pro: 
[GoogleGenerativeAI 
Error]: Error fetching 
from https://generative
language.googleapis.com
/v1beta/models/gemini-p
ro:generateContent: 
[404 Not Found] 
models/gemini-pro is 
not found for API 
version v1beta, or is 
not supported for 
generateContent. Call 
ListModels to see the 
list of available 
models and their 
supported methods.
All AI models failed. 
Last error: GoogleGener
ativeAIFetchError: 
[GoogleGenerativeAI 
Error]: Error fetching 
from https://generative
language.googleapis.com
/v1beta/models/gemini-p
ro:generateContent: 
[404 Not Found] 
models/gemini-pro is 
not found for API 
version v1beta, or is 
not supported for 
generateContent. Call 
ListModels to see the 
list of available 
models and their 
supported methods.
    at 
handleResponseNotOk 
(D:\Projects\Teaching P
lateform\backend\node_m
odules\@google\generati
ve-ai\dist\index.js:434
:11)
    at process.processT
icksAndRejections (node
:internal/process/task_
queues:103:5)
    at async 
makeRequest 
(D:\Projects\Teaching P
lateform\backend\node_m
odules\@google\generati
ve-ai\dist\index.js:403
:9)
    at async 
generateContent 
(D:\Projects\Teaching P
lateform\backend\node_m
odules\@google\generati
ve-ai\dist\index.js:867
:22)
    at async 
generateContent 
(D:\Projects\Teaching P
lateform\backend\utils\
geminiService.js:69:22)
    at async testAI 
(D:\Projects\Teaching P
lateform\backend\test-a
i-service.js:10:26) {
  status: 404,
  statusText: 'Not 
Found',
  errorDetails: 
undefined
}

Γ¥î Error testing AI 
service:
Message: 
[GoogleGenerativeAI 
Error]: Error fetching 
from https://generative
language.googleapis.com
/v1beta/models/gemini-p
ro:generateContent: 
[404 Not Found] 
models/gemini-pro is 
not found for API 
version v1beta, or is 
not supported for 
generateContent. Call 
ListModels to see the 
list of available 
models and their 
supported methods.
Stack: Error: 
[GoogleGenerativeAI 
Error]: Error fetching 
from https://generative
language.googleapis.com
/v1beta/models/gemini-p
ro:generateContent: 
[404 Not Found] 
models/gemini-pro is 
not found for API 
version v1beta, or is 
not supported for 
generateContent. Call 
ListModels to see the 
list of available 
models and their 
supported methods.
    at 
handleResponseNotOk 
(D:\Projects\Teaching P
lateform\backend\node_m
odules\@google\generati
ve-ai\dist\index.js:434
:11)
    at process.processT
icksAndRejections (node
:internal/process/task_
queues:103:5)
    at async 
makeRequest 
(D:\Projects\Teaching P
lateform\backend\node_m
odules\@google\generati
ve-ai\dist\index.js:403
:9)
    at async 
generateContent 
(D:\Projects\Teaching P
lateform\backend\node_m
odules\@google\generati
ve-ai\dist\index.js:867
:22)
    at async 
generateContent 
(D:\Projects\Teaching P
lateform\backend\utils\
geminiService.js:69:22)
    at async testAI 
(D:\Projects\Teaching P
lateform\backend\test-a
i-service.js:10:26)
